../Core/Src/stm32h7xx_it.c:71:6:NMI_Handler	4	static
../Core/Src/stm32h7xx_it.c:86:6:HardFault_Handler	4	static
../Core/Src/stm32h7xx_it.c:101:6:MemManage_Handler	4	static
../Core/Src/stm32h7xx_it.c:116:6:BusFault_Handler	4	static
../Core/Src/stm32h7xx_it.c:131:6:UsageFault_Handler	4	static
../Core/Src/stm32h7xx_it.c:146:6:DebugMon_Handler	4	static
../Core/Src/stm32h7xx_it.c:166:6:USART1_IRQHandler	8	static
../Core/Src/stm32h7xx_it.c:180:6:TIM6_DAC_IRQHandler	8	static
../Core/Src/stm32h7xx_it.c:196:6:I2C4_EV_IRQHandler	8	static
../Core/Src/stm32h7xx_it.c:201:6:I2C4_ER_IRQHandler	8	static
../Core/Src/stm32h7xx_it.c:208:6:TIM7_IRQHandler	8	static
