../app/screens/screen_main.c:40:21:screen_main_bg	4	static
../app/screens/screen_main.c:42:13:pt_in	24	static
../app/screens/screen_main.c:47:5:screen_main_hit_button	24	static
../app/screens/screen_main.c:54:6:screen_main_button_action	16	static
../app/screens/screen_main.c:67:13:render_background_to_cache	80	static
../app/screens/screen_main.c:93:6:screen_main_invalidate	4	static
../app/screens/screen_main.c:95:6:screen_main_init	8	static
../app/screens/screen_main.c:104:16:draw_word	40	static
../app/screens/screen_main.c:112:13:render_header	264	static
../app/screens/screen_main.c:149:13:render_body_title	24	static
../app/screens/screen_main.c:165:13:render_body_number	64	static
../app/screens/screen_main.c:186:13:render_card_allan	96	static
../app/screens/screen_main.c:212:13:render_two_small_cards	112	static
../app/screens/screen_main.c:230:13:render_card_trend	72	static
../app/screens/screen_main.c:245:13:render_card_signal	72	static
../app/screens/screen_main.c:256:13:render_right_column	80	static
../app/screens/screen_main.c:273:13:render_body_grid	48	static
../app/screens/screen_main.c:289:13:footer_button_def	24	static
../app/screens/screen_main.c:304:13:render_footer	64	static
../app/screens/screen_main.c:327:13:blit_bg_region	24	static
../app/screens/screen_main.c:334:6:screen_main_redraw_title	16	static
../app/screens/screen_main.c:342:6:screen_main_redraw_button	56	static
../app/screens/screen_main.c:353:6:screen_main_render	16	static
