../Core/Src/fpga_freq.c:58:17:rd_le64	48	static
../Core/Src/fpga_freq.c:64:17:rd_le32	16	static
../Core/Src/fpga_freq.c:70:17:crc16_ccitt	32	static
../Core/Src/fpga_freq.c:82:13:build_frame	32	static
../Core/Src/fpga_freq.c:104:13:dwt_init	4	static
../Core/Src/fpga_freq.c:109:13:delay_us	24	static,ignoring_inline_asm
../Core/Src/fpga_freq.c:121:13:cs_low	8	static
../Core/Src/fpga_freq.c:122:13:cs_high	8	static
../Core/Src/fpga_freq.c:124:13:xfer	32	static
../Core/Src/fpga_freq.c:135:6:fpga_freq_restart	144	static
../Core/Src/fpga_freq.c:143:6:fpga_freq_link_ok	4	static
../Core/Src/fpga_freq.c:150:6:fpga_freq_crc_selftest	16	static
../Core/Src/fpga_freq.c:160:6:fpga_freq_init	48	static
../Core/Src/fpga_freq.c:217:13:parse_data	24	static
../Core/Src/fpga_freq.c:234:6:fpga_freq_poll	40	static
../Core/Src/fpga_freq.c:271:6:fpga_freq_signal_lost	4	static
../Core/Src/fpga_freq.c:276:10:fpga_freq_select	24	static
../Core/Src/fpga_freq.c:288:6:fpga_freq_format_val	128	static
../Core/Src/fpga_freq.c:313:6:fpga_freq_format	24	static
../Core/Src/fpga_freq.c:319:12:u64_to_str	56	static
../Core/Src/fpga_freq.c:330:6:fpga_freq_format_info	88	static
../Core/Src/fpga_freq.c:348:6:fpga_freq_raw_xfer	88	static
../Core/Src/fpga_freq.c:356:6:fpga_freq_format_status	56	static
