../Core/Inc/ads1115.h:22:23:ads1115_raw_to_mv	16	static
../Core/Src/freertos.c:193:6:MX_FREERTOS_Init	8	static
../Core/Src/freertos.c:254:6:StartDefaultTask	16	static
../Core/Src/freertos.c:272:6:StartUartTask	432	static,ignoring_inline_asm
../Core/Src/freertos.c:593:6:StartI2C4	152	static
../Core/Src/freertos.c:670:6:RunTimeStats_Init	4	static
../Core/Src/freertos.c:676:10:RunTimeStats_GetCount	4	static
../Core/Src/freertos.c:686:6:StartUiTask	32	static
../Core/Src/freertos.c:735:6:StartFpgaTask	216	static
../Core/Src/freertos.c:811:6:vApplicationStackOverflowHook	24	static,ignoring_inline_asm
../Core/Src/freertos.c:821:6:vApplicationMallocFailedHook	4	static,ignoring_inline_asm
