../app/app_gpsdo.c:29:13:in_rect	24	static
../app/app_gpsdo.c:34:6:app_gpsdo_init	8	static
../app/app_gpsdo.c:42:6:app_gpsdo_render_main	8	static
../app/app_gpsdo.c:54:13:fmt_temp	48	static
../app/app_gpsdo.c:67:13:diag_label	32	static
../app/app_gpsdo.c:74:13:put_val	40	static
../app/app_gpsdo.c:83:13:draw_diag_values	96	static
../app/app_gpsdo.c:103:6:app_gpsdo_render_diag	112	static
../app/app_gpsdo.c:142:6:app_gpsdo_clear	16	static
../app/app_gpsdo.c:152:6:app_gpsdo_tick	8	static
../app/app_gpsdo.c:157:6:app_gpsdo_handle_touch	24	static
