C:/Users/Latitude/STM32CubeIDE/workspace_2.1.0/H757_LED/H757_LED/CM7/libprim/include/prim/types.h:48:28:prim_argb_to_565	16	static
../libprim/src/internal/alpha_blend.h:20:28:prim_blend565	64	static
../libprim/src/fb.c:16:15:prim_fb_init	24	static
../libprim/src/fb.c:32:6:prim_set_target	24	static
../libprim/src/fb.c:42:12:prim_get_target	4	static
../libprim/src/fb.c:44:15:prim_fb_pixels	16	static
../libprim/src/fb.c:45:9:prim_fb_width	16	static
../libprim/src/fb.c:46:9:prim_fb_height	16	static
../libprim/src/fb.c:47:9:prim_fb_stride	16	static
../libprim/src/fb.c:49:6:prim_set_clip	16	static
../libprim/src/fb.c:55:6:prim_reset_clip	16	static
../libprim/src/fb.c:64:13:prim_get_clip	16	static
../libprim/src/fb.c:68:12:prim_internal_target	4	static
../libprim/src/fb.c:70:13:prim_internal_clip	24	static
../libprim/src/fb.c:78:6:prim_internal_clip_rect	48	static
../libprim/src/fb.c:98:20:clip_test	24	static
../libprim/src/fb.c:108:6:prim_internal_put_px	32	static
../libprim/src/fb.c:120:6:prim_internal_blend_px	32	static
